
=== Sun Jan 30 17:30:25 2022

Packages were changed.
Update Mode: updateDependencies

The following packages were added:
  com.unity.ide.visualstudio@2.0.12
The following packages were updated:
  com.unity.ide.rider from version 1.1.4 to 1.2.1
  com.unity.ide.vscode from version 1.1.4 to 1.2.4
  com.unity.shadergraph from version 7.1.8 to 7.3.1
  com.unity.timeline from version 1.2.6 to 1.2.18

=== Tue Jan 28 09:05:50 2025

Packages were changed.
Update Mode: updateDependencies

The following packages were updated:
  com.unity.ide.rider from version 1.2.1 to 3.0.21
  com.unity.ide.visualstudio from version 2.0.12 to 2.0.18
  com.unity.ide.vscode from version 1.2.4 to 1.2.5
  com.unity.inputsystem from version 1.2.0 to 1.5.1
  com.unity.performance.profile-analyzer from version 0.6.0-preview.1 to 1.1.1
  com.unity.shadergraph from version 7.3.1 to 10.10.1
  com.unity.timeline from version 1.2.18 to 1.4.8

=== Thu Jul 31 02:08:35 2025

Packages were changed.
Update Mode: updateDependencies

The following packages were added:
  com.unity.ai.navigation@1.1.6
The following packages were updated:
  com.unity.ide.rider from version 3.0.21 to 3.0.36
  com.unity.ide.visualstudio from version 2.0.18 to 2.0.22
  com.unity.inputsystem from version 1.5.1 to 1.14.0
  com.unity.memoryprofiler from version 0.7.1-preview.1 to 1.1.6
  com.unity.performance.profile-analyzer from version 1.1.1 to 1.2.3
  com.unity.shadergraph from version 10.10.1 to 14.0.12
  com.unity.timeline from version 1.4.8 to 1.7.7
  com.unity.toolchain.linux-x86_64 from version 1.0.0 to 2.0.4

=== Thu Jul 31 14:30:07 2025

Packages were changed.
Update Mode: updateDependencies

The following packages were updated:
  com.unity.ide.rider from version 3.0.21 to 3.0.31
  com.unity.ide.visualstudio from version 2.0.18 to 2.0.22
  com.unity.inputsystem from version 1.5.1 to 1.7.0
  com.unity.performance.profile-analyzer from version 1.1.1 to 1.2.2
  com.unity.shadergraph from version 10.10.1 to 12.1.15
  com.unity.timeline from version 1.4.8 to 1.6.5
  com.unity.toolchain.linux-x86_64 from version 1.0.0 to 2.0.4

=== Thu Jul 31 16:43:36 2025

Packages were changed.
Update Mode: updateDependencies

The following packages were added:
  com.unity.ai.navigation@1.1.6
The following packages were updated:
  com.unity.ide.rider from version 3.0.21 to 3.0.36
  com.unity.ide.visualstudio from version 2.0.18 to 2.0.22
  com.unity.inputsystem from version 1.5.1 to 1.14.0
  com.unity.memoryprofiler from version 0.7.1-preview.1 to 1.1.6
  com.unity.performance.profile-analyzer from version 1.1.1 to 1.2.3
  com.unity.shadergraph from version 10.10.1 to 14.0.12
  com.unity.timeline from version 1.4.8 to 1.7.7
  com.unity.toolchain.linux-x86_64 from version 1.0.0 to 2.0.4

=== Thu Jul 31 20:09:34 2025

Packages were changed.
Update Mode: updateDependencies

The following packages were updated:
  com.unity.ide.rider from version 3.0.21 to 3.0.31
  com.unity.ide.visualstudio from version 2.0.18 to 2.0.22
  com.unity.inputsystem from version 1.5.1 to 1.7.0
  com.unity.performance.profile-analyzer from version 1.1.1 to 1.2.2
  com.unity.shadergraph from version 10.10.1 to 12.1.15
  com.unity.timeline from version 1.4.8 to 1.6.5
  com.unity.toolchain.linux-x86_64 from version 1.0.0 to 2.0.4

=== Thu Jul 31 22:10:52 2025

Packages were changed.
Update Mode: updateDependencies

The following packages were added:
  com.unity.ai.navigation@1.1.6
The following packages were updated:
  com.unity.ide.rider from version 3.0.21 to 3.0.36
  com.unity.ide.visualstudio from version 2.0.18 to 2.0.22
  com.unity.inputsystem from version 1.5.1 to 1.14.0
  com.unity.memoryprofiler from version 0.7.1-preview.1 to 1.1.6
  com.unity.performance.profile-analyzer from version 1.1.1 to 1.2.3
  com.unity.shadergraph from version 10.10.1 to 14.0.12
  com.unity.timeline from version 1.4.8 to 1.7.7
  com.unity.toolchain.linux-x86_64 from version 1.0.0 to 2.0.4

=== Tue Aug  5 01:23:24 2025

Packages were changed.
Update Mode: updateDependencies

The following packages were added:
  com.unity.ai.navigation@1.1.6
The following packages were updated:
  com.unity.inputsystem from version 1.7.0 to 1.14.0
  com.unity.memoryprofiler from version 0.7.1-preview.1 to 1.1.6
  com.unity.shadergraph from version 12.1.15 to 14.0.12
  com.unity.timeline from version 1.6.5 to 1.7.7

=== Tue Aug  5 02:04:10 2025

Packages were changed.
Update Mode: updateDependencies

The following packages were added:
  com.unity.modules.accessibility@1.0.0
  com.unity.multiplayer.center@1.0.0
The following packages were updated:
  com.unity.ai.navigation from version 1.1.6 to 2.0.8
  com.unity.ext.nunit from version 2.0.3 to 2.0.5
  com.unity.shadergraph from version 14.0.12 to 17.1.0
  com.unity.test-framework from version 1.3.4 to 1.5.1
  com.unity.timeline from version 1.7.7 to 1.8.7
  com.unity.ugui from version 1.0.0 to 2.0.0

=== Sat Aug 16 13:05:24 2025

Packages were changed.
Update Mode: updateDependencies

The following packages were updated:
  com.unity.render-pipelines.universal from version 17.1.0 to 17.2.0
  com.unity.shadergraph from version 17.1.0 to 17.2.0

=== Fri Sep 26 04:47:31 2025

Packages were changed.
Update Mode: updateDependencies

The following packages were updated:
  com.unity.test-framework from version 1.5.1 to 1.6.0

=== Wed May 20 18:14:28 2026

Packages were changed.
Update Mode: updateDependencies

The following packages were added:
  com.unity.modules.adaptiveperformance@1.0.0
  com.unity.modules.vectorgraphics@1.0.0
The following packages were updated:
  com.unity.addressables from version 2.7.4 to 2.9.1
  com.unity.ai.navigation from version 2.0.9 to 2.0.12
  com.unity.ide.rider from version 3.0.38 to 3.0.40
  com.unity.ide.visualstudio from version 2.0.25 to 2.0.27
  com.unity.inputsystem from version 1.14.2 to 1.19.0
  com.unity.memoryprofiler from version 1.1.9 to 1.1.12
  com.unity.performance.profile-analyzer from version 1.2.4 to 1.3.4
  com.unity.shadergraph from version 17.2.0 to 17.4.0
  com.unity.timeline from version 1.8.9 to 1.8.12
The following packages were removed:
  com.unity.toolchain.linux-x86_64@2.0.10
